container kernel: 7.0.0-30-generic
nftables v1.0.9 (Old Doc Yak #3)
ip utility, iproute2-6.1.0, libbpf 1.3.0
conntrack v1.4.8 (conntrack-tools)

running 10 tests
test a_published_port_is_reachable_only_between_activation_and_release ... ok
test forwarding_stays_off_for_every_unauthorized_activation ... ok
test hundred_way_prepare_assign_activate_release_burst ... burst op=prepare n=100 min_ns=23369521 p50_ns=42305641 p99_ns=81931044 max_ns=81931044
burst raw op=prepare ns=[23369521, 27792943, 27958297, 28108465, 28740220, 33158564, 33174742, 33187377, 33220937, 33296499, 33359892, 33375129, 33453337, 33585646, 33749452, 33757816, 33758779, 34053206, 34237148, 34504726, 34520522, 34661965, 34679551, 34746420, 34979946, 35233506, 38012676, 38025513, 38089989, 38222156, 38276386, 38454758, 38468636, 38521710, 38551201, 38568670, 38611165, 38629295, 38669280, 38753193, 38760878, 38793604, 38934111, 38989547, 39234074, 39362325, 39445003, 39518216, 39962339, 42258585, 42305641, 42400971, 42965672, 42975826, 43283180, 43379831, 43431783, 43505417, 43548038, 43597500, 43786807, 43811934, 43929374, 44086321, 44149121, 44207046, 44320290, 44383633, 44497199, 44689720, 45164137, 45911210, 46127765, 46956851, 47836260, 47872537, 48056069, 48180359, 48323004, 48526339, 48669411, 49099449, 49609713, 49738649, 49753792, 50295208, 50776854, 50977002, 51485272, 52863732, 53003719, 55820515, 55980817, 57018929, 57242103, 58059915, 59694176, 61445969, 79909063, 81931044]
burst op=assign n=100 min_ns=17828122 p50_ns=28027735 p99_ns=354069361 max_ns=354069361
burst raw op=assign ns=[17828122, 19157024, 21984887, 22158396, 22243179, 22285849, 22534568, 22560155, 22649155, 22649382, 22802255, 22826045, 22830622, 22870414, 22945623, 22982641, 23008567, 23011074, 23088612, 23114284, 23119275, 23170182, 23337221, 23414872, 23436262, 23512082, 23665034, 23710058, 23777519, 24680273, 26935321, 26961940, 27007748, 27096556, 27101048, 27218532, 27317275, 27330536, 27384082, 27387293, 27435116, 27472132, 27485811, 27532373, 27543257, 27631140, 27640601, 27714527, 27943979, 27978674, 28027735, 28055901, 28095349, 28170848, 28171606, 28210178, 28229029, 28347256, 28450545, 28512654, 28544954, 28751432, 28878218, 28896851, 28914849, 29424598, 29655401, 30222622, 30294962, 30332434, 31924435, 31938278, 32107581, 32521427, 32688921, 32787288, 32952282, 33063269, 33080474, 33147851, 33210187, 33566170, 33606320, 34162519, 34194329, 34717026, 35043233, 35639784, 35827354, 35966219, 36268723, 36297903, 36311539, 36337983, 38216772, 38473202, 40011106, 43683923, 69539022, 354069361]
burst op=activate n=100 min_ns=631124 p50_ns=1136442 p99_ns=7389379 max_ns=7389379
burst raw op=activate ns=[631124, 648730, 666097, 672493, 713881, 717248, 736473, 775316, 779796, 813598, 819600, 831863, 832700, 834660, 839030, 855281, 867287, 868388, 874888, 879512, 880589, 909649, 922293, 936720, 937228, 943464, 944685, 977008, 988415, 994416, 1003155, 1014795, 1017875, 1033805, 1046996, 1050261, 1053665, 1056077, 1058401, 1064998, 1065685, 1068166, 1068597, 1080875, 1096153, 1108223, 1114981, 1124498, 1127658, 1128932, 1136442, 1137558, 1142092, 1150608, 1152634, 1156758, 1186117, 1195227, 1197825, 1204203, 1205944, 1213213, 1213729, 1215384, 1219786, 1221434, 1223587, 1226635, 1230359, 1256514, 1259606, 1279684, 1291475, 1296136, 1343875, 1476891, 1541221, 1657724, 1907433, 2053217, 2278248, 2454597, 2476811, 2539583, 2609919, 2703086, 2804658, 2841880, 2887270, 2938708, 3065036, 3087618, 3430525, 3546767, 3628416, 3835859, 4945727, 6024046, 6369242, 7389379]
burst op=release n=100 min_ns=44518125 p50_ns=63301519 p99_ns=149027825 max_ns=149027825
burst raw op=release ns=[44518125, 47145890, 49277396, 49336897, 49869937, 51011495, 51963928, 52160455, 52407117, 53127038, 53372669, 53470451, 53689075, 54077182, 54517088, 54553861, 55513201, 55803149, 56130024, 56333971, 56345345, 56512810, 56938862, 57034911, 57599879, 57654473, 58067739, 58150013, 58224357, 58309375, 58384280, 58719632, 59120212, 59482905, 59695408, 59741629, 59754168, 59793381, 59809577, 60170980, 60478948, 60576105, 60651745, 61145154, 61383744, 61906165, 61976729, 62009786, 62810245, 62856808, 63301519, 63833355, 64091975, 64779213, 64841717, 65239138, 65313749, 65832254, 65885950, 66737765, 66975774, 67252531, 67510708, 67938791, 68013032, 68529303, 68932666, 69831146, 70200629, 70719551, 71230704, 71645655, 71656647, 73066899, 74772801, 75067378, 75944030, 76007507, 76033378, 76316062, 76964769, 77226441, 79092104, 80654837, 81190851, 81699900, 83021674, 87130394, 88077726, 89024885, 91897679, 92485530, 95146522, 96308533, 98089653, 101973876, 123236630, 134185541, 147629470, 149027825]
ok
test live::delivery::a_claim_the_peer_cannot_receive_leaves_no_bundle_and_replays_cleanly ... ok
test live::delivery::a_peer_that_stops_reading_its_replies_is_disconnected_rather_than_served_forever ... ok
test live::delivery::one_operation_holds_one_assignment_however_often_it_is_replayed ... ok
test live::recovery::a_lost_activated_reply_is_recovered_rather_than_destroying_the_machine ... ok
test live::recovery::an_incomplete_release_keeps_its_operation_identity_reserved ... ok
test sterile_bundle_stays_down_until_activation_and_policy_holds_after_it ... ok
test the_control_socket_grants_each_operation_only_to_its_capability ... ok

test result: ok. 10 passed; 0 failed; 0 ignored; 0 measured; 0 filtered out; finished in 28.52s

==> post-run namespaces (expect none):
==> post-run links (expect only lo and the container uplink):
lo               UNKNOWN        00:00:00:00:00:00 <LOOPBACK,UP,LOWER_UP> 
eth0@if1298      UP             b6:ba:78:c7:c1:ed <BROADCAST,MULTICAST,UP,LOWER_UP> 
==> post-run nft tables (expect none):
