==> building live-test image soma-netd-live:local
DEPRECATED: The legacy builder is deprecated and will be removed in a future release.
            Install the buildx component to build images with BuildKit:
            https://docs.docker.com/go/buildx/

==> building soma-netd test binary
==> host kernel: 6.8.0-138-generic
==> image: sha256:1cebdfb1ec681be653a62afef80dab3ed0b044b441d9d9cd3e1347bcec9911f4 (base ubuntu@sha256:33ceb71981b602c1a7443a53469e4dba065f7503eab3078a2d7a57a2ab987517)
==> git revision: f92d021
container kernel: 6.8.0-138-generic
nftables v1.0.9 (Old Doc Yak #3)
ip utility, iproute2-6.1.0, libbpf 1.3.0
conntrack v1.4.8 (conntrack-tools)

running 9 tests
test forwarding_stays_off_for_every_unauthorized_activation ... ok
test hundred_way_prepare_assign_activate_release_burst ... burst op=prepare n=100 min_ns=55704423 p50_ns=65776859 p99_ns=102917842 max_ns=102917842
burst raw op=prepare ns=[55704423, 55909869, 56030260, 56186667, 56361270, 56492405, 56547183, 56888146, 59993168, 60118824, 60130519, 60426897, 60474598, 60603987, 60623594, 60740965, 60812084, 60827932, 60913155, 60917420, 60949286, 60971582, 60974358, 61020936, 61034811, 61051783, 61102768, 61118061, 61162646, 61175654, 61213494, 61234513, 61259373, 61371176, 61384264, 61438101, 61502890, 61518189, 61541216, 61615631, 61659635, 61720864, 62109599, 65495998, 65694241, 65697463, 65707756, 65718225, 65732497, 65775202, 65776859, 65796903, 65923686, 65942013, 65962757, 66135904, 66183733, 66188225, 66188649, 66274096, 66361943, 66363999, 66405675, 66462613, 66473090, 66502426, 66592889, 66670917, 66697005, 66700289, 66732134, 66751985, 66778912, 66921170, 70068316, 70442756, 70458174, 70512745, 70556544, 70721119, 70829873, 70906700, 70923751, 71051870, 71068220, 71334644, 71426350, 71437322, 71452177, 71453875, 71490370, 71676119, 71864040, 71876863, 71911193, 76670914, 76725028, 79190807, 89439514, 102917842]
burst op=assign n=100 min_ns=54669941 p50_ns=86075644 p99_ns=370741310 max_ns=370741310
burst raw op=assign ns=[54669941, 59965813, 60115823, 60596199, 62256679, 62876268, 63658774, 63896690, 64285350, 64858802, 65052791, 65137216, 65159974, 65354113, 65755734, 66318048, 68299521, 69029375, 69137328, 69279523, 69709314, 71901637, 72049069, 73461470, 74492649, 74848848, 74899183, 75224911, 75396167, 75425221, 76018879, 76129999, 77853547, 79671871, 80083578, 80316365, 80797657, 80799277, 81302175, 81387053, 81609679, 81708860, 81900825, 81979158, 82161707, 82333180, 83492597, 85089675, 85844122, 85945370, 86075644, 86252888, 86559835, 86881626, 87090642, 88103250, 88733508, 88908126, 89379337, 89671756, 90968127, 91218258, 92057294, 92223820, 92272925, 92794672, 92879768, 93315857, 94175837, 94267205, 94537991, 95313645, 95346866, 96682586, 96920594, 97652575, 97748225, 98300051, 98830302, 98855415, 100263399, 100665678, 101923601, 103049402, 103806710, 104734196, 105071188, 105251015, 107454472, 110163358, 110642144, 112135231, 134147165, 134401042, 147215623, 149695414, 162305370, 198253194, 205321560, 370741310]
burst op=activate n=100 min_ns=13247774 p50_ns=19023888 p99_ns=25033920 max_ns=25033920
burst raw op=activate ns=[13247774, 13422651, 13550763, 13676948, 13732682, 14132111, 18159216, 18235907, 18313264, 18432470, 18444752, 18477905, 18592739, 18605146, 18629981, 18639943, 18646867, 18658101, 18660831, 18661801, 18672091, 18674687, 18693186, 18699891, 18700215, 18720757, 18731670, 18737788, 18769044, 18774224, 18779872, 18780918, 18781894, 18795084, 18805168, 18816978, 18821639, 18826315, 18833235, 18833425, 18867376, 18923465, 18932315, 18951565, 18952334, 18955797, 18978637, 18980763, 18982865, 18999177, 19023888, 19029350, 19032624, 19037105, 19067809, 19076723, 19083882, 19093703, 19113409, 19150660, 19151603, 19215030, 19280359, 19283010, 19310254, 19318190, 19349589, 19543246, 19554762, 23284830, 23480228, 23510318, 23533508, 23894818, 23958761, 23991895, 24047421, 24125321, 24128108, 24143967, 24170773, 24176434, 24183529, 24187533, 24194932, 24198669, 24205983, 24222025, 24246562, 24323098, 24349261, 24428742, 24434407, 24472718, 24539960, 24564824, 24621400, 24720686, 24862580, 25033920]
burst op=release n=100 min_ns=106339834 p50_ns=144392019 p99_ns=1738511365 max_ns=1738511365
burst raw op=release ns=[106339834, 106780010, 107999359, 110481160, 114695668, 115030891, 115420980, 116221709, 119091218, 122421917, 123663115, 124491394, 125236175, 126034107, 126288615, 126389364, 127104748, 127426584, 129336478, 129776648, 130434244, 131248810, 131567007, 131994319, 131994401, 132312341, 132731409, 132933062, 132934365, 133059081, 133062256, 133073973, 133999007, 134891024, 135725819, 136244646, 136426080, 137584070, 138351241, 138702346, 140117868, 140403371, 140742918, 141635892, 142064446, 142119319, 142236906, 142673600, 143467497, 143928269, 144392019, 144685862, 144698927, 145600829, 146237529, 146302347, 146667932, 146976487, 147230349, 148349687, 148528551, 149544742, 150769422, 151660951, 152472143, 152711978, 153278432, 153377642, 156024854, 158290352, 158620233, 159020804, 159360380, 160451496, 161404093, 161842139, 161855356, 162774375, 163227799, 163323454, 164170237, 164767879, 164969990, 165487133, 166034311, 167558196, 170257499, 171460002, 173690221, 177281546, 179708492, 183218827, 202770750, 207840660, 208706866, 257400269, 298405306, 301782708, 616517418, 1738511365]
ok
test live::delivery::a_claim_the_peer_cannot_receive_leaves_no_bundle_and_replays_cleanly ... ok
test live::delivery::a_peer_that_stops_reading_its_replies_is_disconnected_rather_than_served_forever ... 
thread 'live::delivery::a_peer_that_stops_reading_its_replies_is_disconnected_rather_than_served_forever' (4640) panicked at crates/soma-netd/tests/live/delivery.rs:181:5:
the broker kept serving a peer that never read its replies
note: run with `RUST_BACKTRACE=1` environment variable to display a backtrace
FAILED
test live::delivery::one_operation_holds_one_assignment_however_often_it_is_replayed ... ok
test live::recovery::a_lost_activated_reply_is_recovered_rather_than_destroying_the_machine ... ok
test live::recovery::an_incomplete_release_keeps_its_operation_identity_reserved ... ok
test sterile_bundle_stays_down_until_activation_and_policy_holds_after_it ... ok
test the_control_socket_grants_each_operation_only_to_its_capability ... ok

failures:

failures:
    live::delivery::a_peer_that_stops_reading_its_replies_is_disconnected_rather_than_served_forever

test result: FAILED. 8 passed; 1 failed; 0 ignored; 0 measured; 0 filtered out; finished in 53.83s

==> post-run namespaces (expect none):
==> post-run links (expect only lo and the container uplink):
lo               UNKNOWN        00:00:00:00:00:00 <LOOPBACK,UP,LOWER_UP> 
eth0@if49        UP             ea:2b:b4:90:e9:da <BROADCAST,MULTICAST,UP,LOWER_UP> 
==> post-run nft tables (expect none):
EXIT=101
