
==> preflight
  host ok, kernel kernel/out/vmlinux-6.12.107-soma-v1

==> building the workspace, the guest agent, and the two tools
    Finished `release` profile [optimized] target(s) in 0.12s
    Finished `release` profile [optimized] target(s) in 0.07s
    Finished `release` profile [optimized] target(s) in 0.08s

==> compiling node:22 into a Generation at /srv/soma/audit2/scratch/store/node-22-1-1024-10240

==> exporting node:22 to an OCI layout with skopeo
Getting image source signatures
Copying blob sha256:f99278e21c7714d2d15a87e2ac0026681ca76fa18c137e3337087623259b5aad
Copying blob sha256:abf56b2f87242de589f03ea56779358079c07c4c099bd1e454d083538eb6666d
Copying blob sha256:01a6a9ffe665b63ea18491fedb646423413ae3fdefcf7776ee25a2eaff8a673e
Copying blob sha256:08457856946d74c8aede7d750e185d1e479a79b8123d1b805182a580d224a6e2
Copying blob sha256:af703174360b79186c7ebccfc234e81cbe896a87e1058123134ca7e934d8a941
Copying blob sha256:8cab6ce149c24516f80b26a762b6b9aaebcaf4fbe51d4c6844af7d7dbc372f2d
Copying blob sha256:7d81ded9d9d91300a049431a3130956a89c86eb93b66adc2a0e0d4da6944b576
Copying blob sha256:736dd3f75c3cb794a01a2a33a1fb9cac98e4b2ac97f24674c141cd84836472c0
Copying config sha256:6622b5ce13429346f91fcdb936ec2e026ccc28465409fd25b7f79c623e7a20af
Writing manifest to image destination

==> compiling the Generation into /srv/soma/audit2/scratch/store/node-22-1-1024-10240/ref-8a02eda372743655dfbe5f03e83a19ea8b6c35a44be41aea679db02fa4c72a35
prepared node:22 at /srv/soma/audit2/scratch/store/node-22-1-1024-10240/ref-8a02eda372743655dfbe5f03e83a19ea8b6c35a44be41aea679db02fa4c72a35
  candidate id: sha256:e20a14cb72b70d8bfa23006d722d955153dfd7f1ef8845ace612ea6f4a63f0f6
  entries: 33512

==> done
  entry:  /srv/soma/audit2/scratch/store/node-22-1-1024-10240/ref-8a02eda372743655dfbe5f03e83a19ea8b6c35a44be41aea679db02fa4c72a35
  launch: SOMA_GENERATION_STORE=/srv/soma/audit2/scratch/store/node-22-1-1024-10240 SOMA_ALLOW_UNCERTIFIED_GENERATION=1 \
          soma --backend kvm run node:22 -- <command>

==> capturing the snapshot at 1024 MiB
captured /srv/soma/audit2/scratch/store/node-22-1-1024-10240/ref-8a02eda372743655dfbe5f03e83a19ea8b6c35a44be41aea679db02fa4c72a35/snapshot
  memory 1073741824 bytes
  overlay 10737418240 bytes
  state 9086 bytes

==> verifying the prepared store
  entry /srv/soma/audit2/scratch/store/node-22-1-1024-10240/ref-8a02eda372743655dfbe5f03e83a19ea8b6c35a44be41aea679db02fa4c72a35
  shape 1 vCPU, 1024 MiB memory, 10240 MiB storage, contract 368f81b2e540ab97

==> measuring 25 launches at concurrency 1

  image        node:22
  shape        1 vCPU, 1024 MiB, concurrency 1
  launches     25 of 25 succeeded
  time to first command  p50 73.95 ms, min 48.31 ms, max 98.7 ms
  segment medians        admitted 0.03 ms, machine_launched 0.56 ms, ready 21.17 ms, command_finished 52.2 ms

  the store is kept at /srv/soma/audit2/scratch/store/node-22-1-1024-10240 so a rerun measures instead of rebuilding.
  remove it with: rm -rf /srv/soma/audit2/scratch/store/node-22-1-1024-10240
